###############################################################################
#
# IAR ELF Linker V7.50.2.10312/W32 for ARM                25/Feb/2019  21:21:08
# Copyright 2007-2015 IAR Systems AB.
#
#    Output file  =  
#        D:\Alex\Projects\Active\Humidifier\FIRMWARE\work\Debug\Exe\c.out
#    Map file     =  
#        D:\Alex\Projects\Active\Humidifier\FIRMWARE\work\Debug\List\c.map
#    Command line =  
#        D:\Alex\Projects\Active\Humidifier\FIRMWARE\work\Debug\Obj\flash.o
#        D:\Alex\Projects\Active\Humidifier\FIRMWARE\work\Debug\Obj\interrupts.o
#        D:\Alex\Projects\Active\Humidifier\FIRMWARE\work\Debug\Obj\main.o
#        D:\Alex\Projects\Active\Humidifier\FIRMWARE\work\Debug\Obj\periphery.o
#        D:\Alex\Projects\Active\Humidifier\FIRMWARE\work\Debug\Obj\PIcontrol.o
#        D:\Alex\Projects\Active\Humidifier\FIRMWARE\work\Debug\Obj\startup_stm32f0xx.o
#        D:\Alex\Projects\Active\Humidifier\FIRMWARE\work\Debug\Obj\stm32f0xx_adc.o
#        D:\Alex\Projects\Active\Humidifier\FIRMWARE\work\Debug\Obj\stm32f0xx_cec.o
#        D:\Alex\Projects\Active\Humidifier\FIRMWARE\work\Debug\Obj\stm32f0xx_comp.o
#        D:\Alex\Projects\Active\Humidifier\FIRMWARE\work\Debug\Obj\stm32f0xx_crc.o
#        D:\Alex\Projects\Active\Humidifier\FIRMWARE\work\Debug\Obj\stm32f0xx_dac.o
#        D:\Alex\Projects\Active\Humidifier\FIRMWARE\work\Debug\Obj\stm32f0xx_dbgmcu.o
#        D:\Alex\Projects\Active\Humidifier\FIRMWARE\work\Debug\Obj\stm32f0xx_dma.o
#        D:\Alex\Projects\Active\Humidifier\FIRMWARE\work\Debug\Obj\stm32f0xx_exti.o
#        D:\Alex\Projects\Active\Humidifier\FIRMWARE\work\Debug\Obj\stm32f0xx_flash.o
#        D:\Alex\Projects\Active\Humidifier\FIRMWARE\work\Debug\Obj\stm32f0xx_gpio.o
#        D:\Alex\Projects\Active\Humidifier\FIRMWARE\work\Debug\Obj\stm32f0xx_i2c.o
#        D:\Alex\Projects\Active\Humidifier\FIRMWARE\work\Debug\Obj\stm32f0xx_iwdg.o
#        D:\Alex\Projects\Active\Humidifier\FIRMWARE\work\Debug\Obj\stm32f0xx_misc.o
#        D:\Alex\Projects\Active\Humidifier\FIRMWARE\work\Debug\Obj\stm32f0xx_pwr.o
#        D:\Alex\Projects\Active\Humidifier\FIRMWARE\work\Debug\Obj\stm32f0xx_rcc.o
#        D:\Alex\Projects\Active\Humidifier\FIRMWARE\work\Debug\Obj\stm32f0xx_rtc.o
#        D:\Alex\Projects\Active\Humidifier\FIRMWARE\work\Debug\Obj\stm32f0xx_spi.o
#        D:\Alex\Projects\Active\Humidifier\FIRMWARE\work\Debug\Obj\stm32f0xx_syscfg.o
#        D:\Alex\Projects\Active\Humidifier\FIRMWARE\work\Debug\Obj\stm32f0xx_tim.o
#        D:\Alex\Projects\Active\Humidifier\FIRMWARE\work\Debug\Obj\stm32f0xx_usart.o
#        D:\Alex\Projects\Active\Humidifier\FIRMWARE\work\Debug\Obj\stm32f0xx_wwdg.o
#        D:\Alex\Projects\Active\Humidifier\FIRMWARE\work\Debug\Obj\system_stm32f0xx.o
#        D:\Alex\Projects\Active\Humidifier\FIRMWARE\work\Debug\Obj\workflow.o
#        -o D:\Alex\Projects\Active\Humidifier\FIRMWARE\work\Debug\Exe\c.out
#        --redirect _Printf=_PrintfFull --redirect _Scanf=_ScanfFull --map
#        D:\Alex\Projects\Active\Humidifier\FIRMWARE\work\Debug\List\c.map
#        --config "C:\Program Files (x86)\IAR Systems\Embedded Workbench
#        7.3\arm\config\linker\ST\stm32f030x6.icf" --semihosting --entry
#        __iar_program_start --vfe
#
###############################################################################

*******************************************************************************
*** RUNTIME MODEL ATTRIBUTES
***

CppFlavor       = *
__SystemLibrary = DLib


*******************************************************************************
*** PLACEMENT SUMMARY
***

"A1":  place at 0x08000000 { ro section .intvec };
"P1":  place in [from 0x08000000 to 0x08007fff] { ro };
"P2":  place in [from 0x20000000 to 0x20000fff] { rw, block CSTACK, block HEAP };

  Section            Kind        Address    Size  Object
  -------            ----        -------    ----  ------
"A1":                                       0xc0
  .intvec            ro code  0x08000000    0xc0  startup_stm32f0xx.o [1]
                            - 0x080000c0    0xc0

"P1":                                     0x1436
  .text              ro code  0x080000c0   0x640  periphery.o [1]
  .text              ro code  0x08000700    0xf8  stm32f0xx_rcc.o [1]
  .text              ro code  0x080007f8    0xe6  stm32f0xx_gpio.o [1]
  .text              ro code  0x080008de     0x2  startup_stm32f0xx.o [1]
  .text              ro code  0x080008e0   0x1be  stm32f0xx_tim.o [1]
  .text              ro code  0x08000a9e     0x2  startup_stm32f0xx.o [1]
  .text              ro code  0x08000aa0    0xe4  stm32f0xx_adc.o [1]
  .text              ro code  0x08000b84   0x18c  interrupts.o [1]
  .text              ro code  0x08000d10   0x144  main.o [1]
  .text              ro code  0x08000e54    0x74  workflow.o [1]
  .text              ro code  0x08000ec8    0x36  I32ToFlt.o [4]
  .text              ro code  0x08000efe    0xb0  FltMul.o [4]
  .text              ro code  0x08000fae   0x120  FltAddSub.o [4]
  .text              ro code  0x080010ce     0x2  startup_stm32f0xx.o [1]
  .text              ro code  0x080010d0    0x9c  PIcontrol.o [1]
  .text              ro code  0x0800116c    0x26  FltCmpLe.o [4]
  .text              ro code  0x08001192     0x2  startup_stm32f0xx.o [1]
  .text              ro code  0x08001194    0x28  FltCmpGe.o [4]
  .text              ro code  0x080011bc    0x26  FltToU32.o [4]
  .text              ro code  0x080011e2    0xaa  FltDiv.o [4]
  .text              ro code  0x0800128c   0x114  system_stm32f0xx.o [1]
  .text              ro code  0x080013a0    0x3c  zero_init3.o [5]
  .text              ro code  0x080013dc    0x30  copy_init3.o [5]
  .text              ro code  0x0800140c    0x28  data_init.o [5]
  .iar.init_table    const    0x08001434    0x24  - Linker created -
  .text              ro code  0x08001458    0x1a  cmain.o [5]
  .text              ro code  0x08001472     0x4  low_level_init.o [3]
  .text              ro code  0x08001476     0x8  exit.o [3]
  .text              ro code  0x0800147e     0x2  startup_stm32f0xx.o [1]
  .text              ro code  0x08001480     0xa  cexit.o [5]
  .text              ro code  0x0800148a     0x2  startup_stm32f0xx.o [1]
  .text              ro code  0x0800148c    0x14  exit.o [6]
  .text              ro code  0x080014a0    0x10  startup_stm32f0xx.o [1]
  .text              ro code  0x080014b0     0xc  cstartup_M.o [5]
  Initializer bytes  const    0x080014bc     0x8  <for P2-1>
  .text              ro code  0x080014c4     0x2  startup_stm32f0xx.o [1]
  .text              ro code  0x080014c6     0x2  startup_stm32f0xx.o [1]
  .text              ro code  0x080014c8     0x2  startup_stm32f0xx.o [1]
  .text              ro code  0x080014ca     0x2  startup_stm32f0xx.o [1]
  .text              ro code  0x080014cc     0x2  startup_stm32f0xx.o [1]
  .text              ro code  0x080014ce     0x2  startup_stm32f0xx.o [1]
  .text              ro code  0x080014d0     0x2  startup_stm32f0xx.o [1]
  .text              ro code  0x080014d2     0x2  startup_stm32f0xx.o [1]
  .text              ro code  0x080014d4     0x2  startup_stm32f0xx.o [1]
  .text              ro code  0x080014d6     0x2  startup_stm32f0xx.o [1]
  .text              ro code  0x080014d8     0x2  startup_stm32f0xx.o [1]
  .text              ro code  0x080014da     0x2  startup_stm32f0xx.o [1]
  .text              ro code  0x080014dc     0x2  startup_stm32f0xx.o [1]
  .text              ro code  0x080014de     0x2  startup_stm32f0xx.o [1]
  .text              ro code  0x080014e0     0x2  startup_stm32f0xx.o [1]
  .text              ro code  0x080014e2     0x2  startup_stm32f0xx.o [1]
  .text              ro code  0x080014e4     0x2  startup_stm32f0xx.o [1]
  .text              ro code  0x080014e6     0x2  startup_stm32f0xx.o [1]
  .text              ro code  0x080014e8     0x2  startup_stm32f0xx.o [1]
  .text              ro code  0x080014ea     0x2  startup_stm32f0xx.o [1]
  .text              ro code  0x080014ec     0x2  startup_stm32f0xx.o [1]
  .text              ro code  0x080014ee     0x2  startup_stm32f0xx.o [1]
  .text              ro code  0x080014f0     0x2  startup_stm32f0xx.o [1]
  .text              ro code  0x080014f2     0x2  startup_stm32f0xx.o [1]
  .text              ro code  0x080014f4     0x2  startup_stm32f0xx.o [1]
  .rodata            const    0x080014f6     0x0  zero_init3.o [5]
  .rodata            const    0x080014f6     0x0  copy_init3.o [5]
                            - 0x080014f6  0x1436

"P2", part 1 of 3:                           0x8
  P2-1                        0x20000000     0x6  <Init block>
    .data            inited   0x20000000     0x4  workflow.o [1]
    .data            inited   0x20000004     0x1  main.o [1]
    .data            inited   0x20000005     0x1  PIcontrol.o [1]
                            - 0x20000006     0x6

"P2", part 2 of 3:                         0x400
  CSTACK                      0x20000008   0x400  <Block>
    CSTACK           uninit   0x20000008   0x400  <Block tail>
                            - 0x20000408   0x400

"P2", part 3 of 3:                          0x7c
  .bss               zero     0x20000408     0xc  periphery.o [1]
  .bss               zero     0x20000414     0xc  periphery.o [1]
  .bss               zero     0x20000420     0xc  periphery.o [1]
  .bss               zero     0x2000042c     0xc  periphery.o [1]
  .bss               zero     0x20000438     0xc  periphery.o [1]
  .bss               zero     0x20000444     0x8  periphery.o [1]
  .bss               zero     0x2000044c     0x4  interrupts.o [1]
  .bss               zero     0x20000450     0x4  interrupts.o [1]
  .bss               zero     0x20000454     0x4  interrupts.o [1]
  .bss               zero     0x20000458     0x4  main.o [1]
  .bss               zero     0x2000045c     0x4  main.o [1]
  .bss               zero     0x20000460     0x4  PIcontrol.o [1]
  .bss               zero     0x20000464     0x4  PIcontrol.o [1]
  .bss               zero     0x20000468     0x4  PIcontrol.o [1]
  .bss               zero     0x2000046c     0x4  PIcontrol.o [1]
  .bss               zero     0x20000470     0x4  PIcontrol.o [1]
  .bss               zero     0x20000474     0x4  workflow.o [1]
  .bss               zero     0x20000478     0x2  main.o [1]
  .bss               zero     0x2000047a     0x1  interrupts.o [1]
  .bss               zero     0x2000047b     0x1  interrupts.o [1]
  .bss               zero     0x2000047c     0x1  interrupts.o [1]
  .bss               zero     0x2000047d     0x1  interrupts.o [1]
  .bss               zero     0x2000047e     0x1  interrupts.o [1]
  .bss               zero     0x2000047f     0x1  main.o [1]
  .bss               zero     0x20000480     0x1  main.o [1]
  .bss               zero     0x20000481     0x1  main.o [1]
  .bss               zero     0x20000482     0x1  PIcontrol.o [1]
  .bss               zero     0x20000483     0x1  workflow.o [1]
                            - 0x20000484    0x7c


*******************************************************************************
*** INIT TABLE
***

          Address     Size
          -------     ----
Zero (__iar_zero_init3)
    1 destination range, total size 0x7c:
          0x20000408  0x7c

Copy (__iar_copy_init3)
    1 source range, total size 0x8 (133% of destination):
          0x080014bc   0x8
    1 destination range, total size 0x6:
          0x20000000   0x6



*******************************************************************************
*** MODULE SUMMARY
***

    Module               ro code  ro data  rw data
    ------               -------  -------  -------
D:\Alex\Projects\Active\Humidifier\FIRMWARE\work\Debug\Obj: [1]
    PIcontrol.o              156        1       22
    interrupts.o             396                17
    main.o                   324        1       14
    periphery.o            1 600                68
    startup_stm32f0xx.o      270
    stm32f0xx_adc.o          228
    stm32f0xx_gpio.o         230
    stm32f0xx_rcc.o          248
    stm32f0xx_tim.o          446
    system_stm32f0xx.o       276
    workflow.o               116        4        9
    ----------------------------------------------
    Total:                 4 290        6      130

command line: [2]
    ----------------------------------------------
    Total:

dl6M_tln.a: [3]
    exit.o                     8
    low_level_init.o           4
    ----------------------------------------------
    Total:                    12

m6M_tl.a: [4]
    FltAddSub.o              288
    FltCmpGe.o                40
    FltCmpLe.o                38
    FltDiv.o                 170
    FltMul.o                 176
    FltToU32.o                38
    I32ToFlt.o                54
    ----------------------------------------------
    Total:                   804

rt6M_tl.a: [5]
    cexit.o                   10
    cmain.o                   26
    copy_init3.o              48
    cstartup_M.o              12
    data_init.o               40
    zero_init3.o              60
    ----------------------------------------------
    Total:                   196

shb_l.a: [6]
    exit.o                    20
    ----------------------------------------------
    Total:                    20

    Linker created                     38    1 024
--------------------------------------------------
    Grand Total:           5 322       44    1 154


*******************************************************************************
*** ENTRY LIST
***

Entry                      Address   Size  Type      Object
-----                      -------   ----  ----      ------
.iar.init_table$$Base   0x08001434          --   Gb  - Linker created -
.iar.init_table$$Limit  0x08001458          --   Gb  - Linker created -
?main                   0x08001459         Code  Gb  cmain.o [5]
ADC_ChannelConfig       0x08000aed   0x16  Code  Gb  stm32f0xx_adc.o [1]
ADC_Cmd                 0x08000ad1   0x1c  Code  Gb  stm32f0xx_adc.o [1]
ADC_GetCalibrationFactor
                        0x08000b03   0x3e  Code  Gb  stm32f0xx_adc.o [1]
ADC_GetConversionValue  0x08000b4b    0x6  Code  Gb  stm32f0xx_adc.o [1]
ADC_GetFlagStatus       0x08000b51   0x2c  Code  Gb  stm32f0xx_adc.o [1]
ADC_Init                0x08000aa1   0x30  Code  Gb  stm32f0xx_adc.o [1]
ADC_StartOfConversion   0x08000b41    0xa  Code  Gb  stm32f0xx_adc.o [1]
ActualTemperature       0x20000458    0x4  Data  Gb  main.o [1]
Analog_Init             0x0800032d   0x88  Code  Gb  periphery.o [1]
ButtonStatus            0x2000047b    0x1  Data  Gb  interrupts.o [1]
BuzzerOnOff             0x2000047d    0x1  Data  Gb  interrupts.o [1]
CSTACK$$Base            0x20000008          --   Gb  - Linker created -
CSTACK$$Limit           0x20000408          --   Gb  - Linker created -
CommForPIcontrol        0x20000482    0x1  Data  Gb  PIcontrol.o [1]
CommForTempConv         0x2000047a    0x1  Data  Gb  interrupts.o [1]
CurrentButtonState      0x20000481    0x1  Data  Gb  main.o [1]
CurrentPower            0x20000460    0x4  Data  Gb  PIcontrol.o [1]
Delay_us                0x080005fb   0x2a  Code  Gb  periphery.o [1]
ERROR_REG               0x20000478    0x2  Data  Gb  main.o [1]
GPIO_1wire_InitStruct   0x20000444    0x8  Data  Gb  periphery.o [1]
GPIO_Init               0x080007f9   0xbe  Code  Gb  stm32f0xx_gpio.o [1]
GPIO_ReadInputDataBit   0x080008b7   0x1e  Code  Gb  stm32f0xx_gpio.o [1]
GPIO_ResetBits          0x080008db    0x4  Code  Gb  stm32f0xx_gpio.o [1]
GPIO_SetBits            0x080008d5    0x6  Code  Gb  stm32f0xx_gpio.o [1]
GetRawTemperature       0x08000675   0x6e  Code  Gb  periphery.o [1]
HeaterOffTime           0x20000000    0x4  Data  Gb  workflow.o [1]
HeaterOnTime            0x20000474    0x4  Data  Gb  workflow.o [1]
HeaterStatus            0x20000483    0x1  Data  Gb  workflow.o [1]
IO_Init                 0x080000cf  0x142  Code  Gb  periphery.o [1]
Integral                0x2000046c    0x4  Data  Gb  PIcontrol.o [1]
MasterResetPresence     0x08000455   0xa2  Code  Gb  periphery.o [1]
NVIC_EnableIRQ          0x080000c1    0xe  Code  Lc  periphery.o [1]
OldButtonState          0x20000480    0x1  Data  Gb  main.o [1]
OnOffStatus             0x20000004    0x1  Data  Gb  main.o [1]
OneWireInput            0x080003ed   0x2e  Code  Gb  periphery.o [1]
OneWireOutput           0x0800041b   0x2e  Code  Gb  periphery.o [1]
RCC_ADCCLKConfig        0x08000701   0x32  Code  Gb  stm32f0xx_rcc.o [1]
RCC_AHBPeriphClockCmd   0x08000739   0x20  Code  Gb  stm32f0xx_rcc.o [1]
RCC_APB1PeriphClockCmd  0x08000779   0x20  Code  Gb  stm32f0xx_rcc.o [1]
RCC_APB1PeriphResetCmd  0x080007c5   0x20  Code  Gb  stm32f0xx_rcc.o [1]
RCC_APB2PeriphClockCmd  0x08000759   0x20  Code  Gb  stm32f0xx_rcc.o [1]
RCC_APB2PeriphResetCmd  0x080007a5   0x20  Code  Gb  stm32f0xx_rcc.o [1]
RGB_status              0x2000047f    0x1  Data  Gb  main.o [1]
RawTemp                 0x20000464    0x4  Data  Gb  PIcontrol.o [1]
ReadByte                0x0800058f   0x6c  Code  Gb  periphery.o [1]
Region$$Table$$Base     0x08001434          --   Gb  - Linker created -
Region$$Table$$Limit    0x08001458          --   Gb  - Linker created -
SetPower                0x08000e55   0x5e  Code  Gb  workflow.o [1]
SetSysClock             0x080012fb   0x76  Code  Lc  system_stm32f0xx.o [1]
SetTemperature          0x2000045c    0x4  Data  Gb  main.o [1]
StartConvertion         0x08000631   0x40  Code  Gb  periphery.o [1]
StartCounter            0x20000470    0x4  Data  Gb  PIcontrol.o [1]
SystemInit              0x0800128d   0x6e  Code  Gb  system_stm32f0xx.o [1]
TIM14_IRQHandler        0x08000b85   0xa6  Code  Gb  interrupts.o [1]
TIM14_TimeBaseInitStruct
                        0x20000414    0xc  Data  Gb  periphery.o [1]
TIM16_IRQHandler        0x08000c2b   0x60  Code  Gb  interrupts.o [1]
TIM16_TimeBaseInitStruct
                        0x20000420    0xc  Data  Gb  periphery.o [1]
TIM17_IRQHandler        0x08000c8b   0x42  Code  Gb  interrupts.o [1]
TIM17_TimeBaseInitStruct
                        0x2000042c    0xc  Data  Gb  periphery.o [1]
TIM3_TimeBaseInitStruct
                        0x20000438    0xc  Data  Gb  periphery.o [1]
TIM_ClearFlag           0x08000a97    0x8  Code  Gb  stm32f0xx_tim.o [1]
TIM_Cmd                 0x08000a21   0x1c  Code  Gb  stm32f0xx_tim.o [1]
TIM_DeInit              0x080008e1   0xda  Code  Gb  stm32f0xx_tim.o [1]
TIM_GetFlagStatus       0x08000a7d   0x1a  Code  Gb  stm32f0xx_tim.o [1]
TIM_ITConfig            0x08000a65   0x18  Code  Gb  stm32f0xx_tim.o [1]
TIM_TimeBaseInit        0x080009bb   0x66  Code  Gb  stm32f0xx_tim.o [1]
TempSetpoint            0x20000005    0x1  Data  Gb  PIcontrol.o [1]
Timers_Init             0x08000211  0x11c  Code  Gb  periphery.o [1]
UpdatePower             0x080010d1   0x9c  Code  Gb  PIcontrol.o [1]
WriteByte               0x08000521   0x6e  Code  Gb  periphery.o [1]
__ICFEDIT_region_RAM_end__ {Abs}
                        0x20000fff          --   Gb  command line/config [2]
__ICFEDIT_region_RAM_start__ {Abs}
                        0x20000000          --   Gb  command line/config [2]
__aeabi_cfcmple         0x0800116d         Code  Gb  FltCmpLe.o [4]
__aeabi_cfrcmple        0x08001195         Code  Gb  FltCmpGe.o [4]
__aeabi_f2uiz           0x080011bd         Code  Gb  FltToU32.o [4]
__aeabi_fadd            0x08000faf         Code  Gb  FltAddSub.o [4]
__aeabi_fdiv            0x080011e3         Code  Gb  FltDiv.o [4]
__aeabi_fmul            0x08000eff         Code  Gb  FltMul.o [4]
__aeabi_fsub            0x0800101f         Code  Gb  FltAddSub.o [4]
__aeabi_i2f             0x08000ec9         Code  Gb  I32ToFlt.o [4]
__aeabi_ui2f            0x08000ee1         Code  Gb  I32ToFlt.o [4]
__cmain                 0x08001459         Code  Gb  cmain.o [5]
__exit                  0x0800148d   0x14  Code  Gb  exit.o [6]
__iar_copy_init3        0x080013dd   0x30  Code  Gb  copy_init3.o [5]
__iar_data_init3        0x0800140d   0x28  Code  Gb  data_init.o [5]
__iar_program_start     0x080014b1         Code  Gb  cstartup_M.o [5]
__iar_ui2f              0x08000ee5         Code  Gb  I32ToFlt.o [4]
__iar_zero_init3        0x080013a1   0x3c  Code  Gb  zero_init3.o [5]
__low_level_init        0x08001473    0x4  Code  Gb  low_level_init.o [3]
__vector_table          0x08000000         Data  Gb  startup_stm32f0xx.o [1]
_call_main              0x08001465         Code  Gb  cmain.o [5]
_exit                   0x08001481         Code  Gb  cexit.o [5]
_main                   0x0800146f         Code  Gb  cmain.o [5]
eTemp                   0x20000468    0x4  Data  Gb  PIcontrol.o [1]
exit                    0x08001477    0x8  Code  Gb  exit.o [3]
main                    0x08000d11  0x144  Code  Gb  main.o [1]
readADC1                0x080003b5   0x38  Code  Gb  periphery.o [1]
the_time_1              0x2000044c    0x4  Data  Gb  interrupts.o [1]
the_time_2              0x20000450    0x4  Data  Gb  interrupts.o [1]
the_time_3              0x20000454    0x4  Data  Gb  interrupts.o [1]
wire_buffer             0x20000408    0xc  Data  Gb  periphery.o [1]


[1] = D:\Alex\Projects\Active\Humidifier\FIRMWARE\work\Debug\Obj
[2] = command line
[3] = dl6M_tln.a
[4] = m6M_tl.a
[5] = rt6M_tl.a
[6] = shb_l.a

  5 322 bytes of readonly  code memory
     44 bytes of readonly  data memory
  1 154 bytes of readwrite data memory

Errors: none
Warnings: none
