###############################################################################
#
# IAR ELF Linker V7.50.2.10312/W32 for ARM                24/Feb/2019  14:31:41
# Copyright 2007-2015 IAR Systems AB.
#
#    Output file  =  
#        D:\Alex\Projects\Active\Humidifier\FIRMWARE\work\Debug\Exe\c.out
#    Map file     =  
#        D:\Alex\Projects\Active\Humidifier\FIRMWARE\work\Debug\List\c.map
#    Command line =  
#        D:\Alex\Projects\Active\Humidifier\FIRMWARE\work\Debug\Obj\interrupts.o
#        D:\Alex\Projects\Active\Humidifier\FIRMWARE\work\Debug\Obj\main.o
#        D:\Alex\Projects\Active\Humidifier\FIRMWARE\work\Debug\Obj\periphery.o
#        D:\Alex\Projects\Active\Humidifier\FIRMWARE\work\Debug\Obj\PIcontrol.o
#        D:\Alex\Projects\Active\Humidifier\FIRMWARE\work\Debug\Obj\startup_stm32f0xx.o
#        D:\Alex\Projects\Active\Humidifier\FIRMWARE\work\Debug\Obj\stm32f0xx_adc.o
#        D:\Alex\Projects\Active\Humidifier\FIRMWARE\work\Debug\Obj\stm32f0xx_cec.o
#        D:\Alex\Projects\Active\Humidifier\FIRMWARE\work\Debug\Obj\stm32f0xx_comp.o
#        D:\Alex\Projects\Active\Humidifier\FIRMWARE\work\Debug\Obj\stm32f0xx_crc.o
#        D:\Alex\Projects\Active\Humidifier\FIRMWARE\work\Debug\Obj\stm32f0xx_dac.o
#        D:\Alex\Projects\Active\Humidifier\FIRMWARE\work\Debug\Obj\stm32f0xx_dbgmcu.o
#        D:\Alex\Projects\Active\Humidifier\FIRMWARE\work\Debug\Obj\stm32f0xx_dma.o
#        D:\Alex\Projects\Active\Humidifier\FIRMWARE\work\Debug\Obj\stm32f0xx_exti.o
#        D:\Alex\Projects\Active\Humidifier\FIRMWARE\work\Debug\Obj\stm32f0xx_flash.o
#        D:\Alex\Projects\Active\Humidifier\FIRMWARE\work\Debug\Obj\stm32f0xx_gpio.o
#        D:\Alex\Projects\Active\Humidifier\FIRMWARE\work\Debug\Obj\stm32f0xx_i2c.o
#        D:\Alex\Projects\Active\Humidifier\FIRMWARE\work\Debug\Obj\stm32f0xx_iwdg.o
#        D:\Alex\Projects\Active\Humidifier\FIRMWARE\work\Debug\Obj\stm32f0xx_misc.o
#        D:\Alex\Projects\Active\Humidifier\FIRMWARE\work\Debug\Obj\stm32f0xx_pwr.o
#        D:\Alex\Projects\Active\Humidifier\FIRMWARE\work\Debug\Obj\stm32f0xx_rcc.o
#        D:\Alex\Projects\Active\Humidifier\FIRMWARE\work\Debug\Obj\stm32f0xx_rtc.o
#        D:\Alex\Projects\Active\Humidifier\FIRMWARE\work\Debug\Obj\stm32f0xx_spi.o
#        D:\Alex\Projects\Active\Humidifier\FIRMWARE\work\Debug\Obj\stm32f0xx_syscfg.o
#        D:\Alex\Projects\Active\Humidifier\FIRMWARE\work\Debug\Obj\stm32f0xx_tim.o
#        D:\Alex\Projects\Active\Humidifier\FIRMWARE\work\Debug\Obj\stm32f0xx_usart.o
#        D:\Alex\Projects\Active\Humidifier\FIRMWARE\work\Debug\Obj\stm32f0xx_wwdg.o
#        D:\Alex\Projects\Active\Humidifier\FIRMWARE\work\Debug\Obj\system_stm32f0xx.o
#        D:\Alex\Projects\Active\Humidifier\FIRMWARE\work\Debug\Obj\workflow.o
#        -o D:\Alex\Projects\Active\Humidifier\FIRMWARE\work\Debug\Exe\c.out
#        --redirect _Printf=_PrintfFull --redirect _Scanf=_ScanfFull --map
#        D:\Alex\Projects\Active\Humidifier\FIRMWARE\work\Debug\List\c.map
#        --config "C:\Program Files (x86)\IAR Systems\Embedded Workbench
#        7.3\arm\config\linker\ST\stm32f030x6.icf" --semihosting --entry
#        __iar_program_start --vfe
#
###############################################################################

*******************************************************************************
*** RUNTIME MODEL ATTRIBUTES
***

CppFlavor       = *
__SystemLibrary = DLib


*******************************************************************************
*** PLACEMENT SUMMARY
***

"A1":  place at 0x08000000 { ro section .intvec };
"P1":  place in [from 0x08000000 to 0x08007fff] { ro };
"P2":  place in [from 0x20000000 to 0x20000fff] { rw, block CSTACK, block HEAP };

  Section            Kind        Address    Size  Object
  -------            ----        -------    ----  ------
"A1":                                       0xc0
  .intvec            ro code  0x08000000    0xc0  startup_stm32f0xx.o [1]
                            - 0x080000c0    0xc0

"P1":                                     0x18d8
  .text              ro code  0x080000c0   0x678  periphery.o [1]
  .text              ro code  0x08000738    0xf8  stm32f0xx_rcc.o [1]
  .text              ro code  0x08000830    0xe6  stm32f0xx_gpio.o [1]
  .text              ro code  0x08000916     0x2  startup_stm32f0xx.o [1]
  .text              ro code  0x08000918   0x1be  stm32f0xx_tim.o [1]
  .text              ro code  0x08000ad6     0x2  startup_stm32f0xx.o [1]
  .text              ro code  0x08000ad8    0xe4  stm32f0xx_adc.o [1]
  .text              ro code  0x08000bbc   0x478  workflow.o [1]
  .text              ro code  0x08001034    0x26  FltCmpLe.o [4]
  .text              ro code  0x0800105a     0x2  startup_stm32f0xx.o [1]
  .text              ro code  0x0800105c    0x28  FltCmpGe.o [4]
  .text              ro code  0x08001084    0xb0  FltMul.o [4]
  .text              ro code  0x08001134    0x26  FltToU32.o [4]
  .text              ro code  0x0800115a   0x120  FltAddSub.o [4]
  .text              ro code  0x0800127a     0x2  startup_stm32f0xx.o [1]
  .text              ro code  0x0800127c    0x36  I32ToFlt.o [4]
  .text              ro code  0x080012b2     0x2  startup_stm32f0xx.o [1]
  .text              ro code  0x080012b4    0x3a  FltToS32.o [4]
  .text              ro code  0x080012ee     0x2  startup_stm32f0xx.o [1]
  .text              ro code  0x080012f0   0x184  interrupts.o [1]
  .text              ro code  0x08001474   0x138  PIcontrol.o [1]
  .text              ro code  0x080015ac    0xaa  FltDiv.o [4]
  .text              ro code  0x08001656     0x2  startup_stm32f0xx.o [1]
  .text              ro code  0x08001658   0x114  system_stm32f0xx.o [1]
  .text              ro code  0x0800176c    0xdc  main.o [1]
  .text              ro code  0x08001848    0x3c  zero_init3.o [5]
  .text              ro code  0x08001884    0x30  copy_init3.o [5]
  .text              ro code  0x080018b4    0x28  data_init.o [5]
  .iar.init_table    const    0x080018dc    0x24  - Linker created -
  .text              ro code  0x08001900    0x1a  cmain.o [5]
  .text              ro code  0x0800191a     0x4  low_level_init.o [3]
  .text              ro code  0x0800191e     0x8  exit.o [3]
  .text              ro code  0x08001926     0x2  startup_stm32f0xx.o [1]
  .text              ro code  0x08001928     0xa  cexit.o [5]
  .text              ro code  0x08001932     0x2  startup_stm32f0xx.o [1]
  .text              ro code  0x08001934    0x14  exit.o [6]
  .text              ro code  0x08001948    0x10  startup_stm32f0xx.o [1]
  .text              ro code  0x08001958     0xc  cstartup_M.o [5]
  Initializer bytes  const    0x08001964     0x8  <for P2-1>
  .text              ro code  0x0800196c     0x2  startup_stm32f0xx.o [1]
  .text              ro code  0x0800196e     0x2  startup_stm32f0xx.o [1]
  .text              ro code  0x08001970     0x2  startup_stm32f0xx.o [1]
  .text              ro code  0x08001972     0x2  startup_stm32f0xx.o [1]
  .text              ro code  0x08001974     0x2  startup_stm32f0xx.o [1]
  .text              ro code  0x08001976     0x2  startup_stm32f0xx.o [1]
  .text              ro code  0x08001978     0x2  startup_stm32f0xx.o [1]
  .text              ro code  0x0800197a     0x2  startup_stm32f0xx.o [1]
  .text              ro code  0x0800197c     0x2  startup_stm32f0xx.o [1]
  .text              ro code  0x0800197e     0x2  startup_stm32f0xx.o [1]
  .text              ro code  0x08001980     0x2  startup_stm32f0xx.o [1]
  .text              ro code  0x08001982     0x2  startup_stm32f0xx.o [1]
  .text              ro code  0x08001984     0x2  startup_stm32f0xx.o [1]
  .text              ro code  0x08001986     0x2  startup_stm32f0xx.o [1]
  .text              ro code  0x08001988     0x2  startup_stm32f0xx.o [1]
  .text              ro code  0x0800198a     0x2  startup_stm32f0xx.o [1]
  .text              ro code  0x0800198c     0x2  startup_stm32f0xx.o [1]
  .text              ro code  0x0800198e     0x2  startup_stm32f0xx.o [1]
  .text              ro code  0x08001990     0x2  startup_stm32f0xx.o [1]
  .text              ro code  0x08001992     0x2  startup_stm32f0xx.o [1]
  .text              ro code  0x08001994     0x2  startup_stm32f0xx.o [1]
  .text              ro code  0x08001996     0x2  startup_stm32f0xx.o [1]
  .rodata            const    0x08001998     0x0  zero_init3.o [5]
  .rodata            const    0x08001998     0x0  copy_init3.o [5]
                            - 0x08001998  0x18d8

"P2", part 1 of 3:                           0x8
  P2-1                        0x20000000     0x5  <Init block>
    .data            inited   0x20000000     0x4  workflow.o [1]
    .data            inited   0x20000004     0x1  PIcontrol.o [1]
                            - 0x20000005     0x5

"P2", part 2 of 3:                         0x400
  CSTACK                      0x20000008   0x400  <Block>
    CSTACK           uninit   0x20000008   0x400  <Block tail>
                            - 0x20000408   0x400

"P2", part 3 of 3:                          0x70
  .bss               zero     0x20000408     0xc  periphery.o [1]
  .bss               zero     0x20000414     0xc  periphery.o [1]
  .bss               zero     0x20000420     0xc  periphery.o [1]
  .bss               zero     0x2000042c     0xc  periphery.o [1]
  .bss               zero     0x20000438     0xc  periphery.o [1]
  .bss               zero     0x20000444     0x8  periphery.o [1]
  .bss               zero     0x2000044c     0x4  interrupts.o [1]
  .bss               zero     0x20000450     0x4  PIcontrol.o [1]
  .bss               zero     0x20000454     0x4  PIcontrol.o [1]
  .bss               zero     0x20000458     0x4  PIcontrol.o [1]
  .bss               zero     0x2000045c     0x4  PIcontrol.o [1]
  .bss               zero     0x20000460     0x4  PIcontrol.o [1]
  .bss               zero     0x20000464     0x4  PIcontrol.o [1]
  .bss               zero     0x20000468     0x4  workflow.o [1]
  .bss               zero     0x2000046c     0x1  interrupts.o [1]
  .bss               zero     0x2000046d     0x1  interrupts.o [1]
  .bss               zero     0x2000046e     0x1  interrupts.o [1]
  .bss               zero     0x2000046f     0x1  interrupts.o [1]
  .bss               zero     0x20000470     0x1  interrupts.o [1]
  .bss               zero     0x20000471     0x1  main.o [1]
  .bss               zero     0x20000472     0x1  main.o [1]
  .bss               zero     0x20000473     0x1  main.o [1]
  .bss               zero     0x20000474     0x1  main.o [1]
  .bss               zero     0x20000475     0x1  PIcontrol.o [1]
  .bss               zero     0x20000476     0x1  workflow.o [1]
                            - 0x20000477    0x6f


*******************************************************************************
*** INIT TABLE
***

          Address     Size
          -------     ----
Zero (__iar_zero_init3)
    1 destination range, total size 0x6f:
          0x20000408  0x6f

Copy (__iar_copy_init3)
    1 source range, total size 0x8 (160% of destination):
          0x08001964   0x8
    1 destination range, total size 0x5:
          0x20000000   0x5



*******************************************************************************
*** MODULE SUMMARY
***

    Module               ro code  ro data  rw data
    ------               -------  -------  -------
D:\Alex\Projects\Active\Humidifier\FIRMWARE\work\Debug\Obj: [1]
    PIcontrol.o              312        1       26
    interrupts.o             388                 9
    main.o                   220                 4
    periphery.o            1 656                68
    startup_stm32f0xx.o      270
    stm32f0xx_adc.o          228
    stm32f0xx_gpio.o         230
    stm32f0xx_rcc.o          248
    stm32f0xx_tim.o          446
    system_stm32f0xx.o       276
    workflow.o             1 144        4        9
    ----------------------------------------------
    Total:                 5 418        5      116

command line: [2]
    ----------------------------------------------
    Total:

dl6M_tln.a: [3]
    exit.o                     8
    low_level_init.o           4
    ----------------------------------------------
    Total:                    12

m6M_tl.a: [4]
    FltAddSub.o              288
    FltCmpGe.o                40
    FltCmpLe.o                38
    FltDiv.o                 170
    FltMul.o                 176
    FltToS32.o                58
    FltToU32.o                38
    I32ToFlt.o                54
    ----------------------------------------------
    Total:                   862

rt6M_tl.a: [5]
    cexit.o                   10
    cmain.o                   26
    copy_init3.o              48
    cstartup_M.o              12
    data_init.o               40
    zero_init3.o              60
    ----------------------------------------------
    Total:                   196

shb_l.a: [6]
    exit.o                    20
    ----------------------------------------------
    Total:                    20

    Linker created                     39    1 024
--------------------------------------------------
    Grand Total:           6 508       44    1 140


*******************************************************************************
*** ENTRY LIST
***

Entry                      Address   Size  Type      Object
-----                      -------   ----  ----      ------
.iar.init_table$$Base   0x080018dc          --   Gb  - Linker created -
.iar.init_table$$Limit  0x08001900          --   Gb  - Linker created -
?main                   0x08001901         Code  Gb  cmain.o [5]
ADC_ChannelConfig       0x08000b25   0x16  Code  Gb  stm32f0xx_adc.o [1]
ADC_Cmd                 0x08000b09   0x1c  Code  Gb  stm32f0xx_adc.o [1]
ADC_GetCalibrationFactor
                        0x08000b3b   0x3e  Code  Gb  stm32f0xx_adc.o [1]
ADC_GetConversionValue  0x08000b83    0x6  Code  Gb  stm32f0xx_adc.o [1]
ADC_GetFlagStatus       0x08000b89   0x2c  Code  Gb  stm32f0xx_adc.o [1]
ADC_Init                0x08000ad9   0x30  Code  Gb  stm32f0xx_adc.o [1]
ADC_StartOfConversion   0x08000b79    0xa  Code  Gb  stm32f0xx_adc.o [1]
Analog_Init             0x0800032d   0x88  Code  Gb  periphery.o [1]
Blink                   0x20000471    0x1  Data  Gb  main.o [1]
Button                  0x080003ed    0x6  Code  Gb  periphery.o [1]
ButtonStatus            0x2000046d    0x1  Data  Gb  interrupts.o [1]
BuzzerControl           0x08000701   0x18  Code  Gb  periphery.o [1]
BuzzerOnOff             0x2000046f    0x1  Data  Gb  interrupts.o [1]
CSTACK$$Base            0x20000008          --   Gb  - Linker created -
CSTACK$$Limit           0x20000408          --   Gb  - Linker created -
Calc_eTemp              0x08001475   0xa4  Code  Gb  PIcontrol.o [1]
CommForPIcontrol        0x20000475    0x1  Data  Gb  PIcontrol.o [1]
CommForTempConv         0x2000046c    0x1  Data  Gb  interrupts.o [1]
CurrentButtonState      0x20000473    0x1  Data  Gb  main.o [1]
CurrentPower            0x20000450    0x4  Data  Gb  PIcontrol.o [1]
CurrentTemp             0x20000458    0x4  Data  Gb  PIcontrol.o [1]
Delay_ms                0x08000635   0x18  Code  Gb  periphery.o [1]
Delay_us                0x080005ff   0x2a  Code  Gb  periphery.o [1]
GPIO_1wire_InitStruct   0x20000444    0x8  Data  Gb  periphery.o [1]
GPIO_Init               0x08000831   0xbe  Code  Gb  stm32f0xx_gpio.o [1]
GPIO_ReadInputDataBit   0x080008ef   0x1e  Code  Gb  stm32f0xx_gpio.o [1]
GPIO_ResetBits          0x08000913    0x4  Code  Gb  stm32f0xx_gpio.o [1]
GPIO_SetBits            0x0800090d    0x6  Code  Gb  stm32f0xx_gpio.o [1]
GetRawTemperature       0x08000691   0x70  Code  Gb  periphery.o [1]
HeaterOffTime           0x20000000    0x4  Data  Gb  workflow.o [1]
HeaterOnTime            0x20000468    0x4  Data  Gb  workflow.o [1]
HeaterStatus            0x20000476    0x1  Data  Gb  workflow.o [1]
IO_Init                 0x080000cf  0x142  Code  Gb  periphery.o [1]
Integral                0x20000460    0x4  Data  Gb  PIcontrol.o [1]
LED_Control             0x08000d61  0x112  Code  Gb  workflow.o [1]
LEDsBar                 0x08000e8d   0x6e  Code  Gb  workflow.o [1]
MasterResetPresence     0x08000459   0xa2  Code  Gb  periphery.o [1]
NVIC_EnableIRQ          0x080000c1    0xe  Code  Lc  periphery.o [1]
OldButtonState          0x20000472    0x1  Data  Gb  main.o [1]
OnOffStatus             0x20000474    0x1  Data  Gb  main.o [1]
OneWireInput            0x080003f3   0x2e  Code  Gb  periphery.o [1]
OneWireOutput           0x08000421   0x2e  Code  Gb  periphery.o [1]
RCC_ADCCLKConfig        0x08000739   0x32  Code  Gb  stm32f0xx_rcc.o [1]
RCC_AHBPeriphClockCmd   0x08000771   0x20  Code  Gb  stm32f0xx_rcc.o [1]
RCC_APB1PeriphClockCmd  0x080007b1   0x20  Code  Gb  stm32f0xx_rcc.o [1]
RCC_APB1PeriphResetCmd  0x080007fd   0x20  Code  Gb  stm32f0xx_rcc.o [1]
RCC_APB2PeriphClockCmd  0x08000791   0x20  Code  Gb  stm32f0xx_rcc.o [1]
RCC_APB2PeriphResetCmd  0x080007dd   0x20  Code  Gb  stm32f0xx_rcc.o [1]
RawTemp                 0x20000454    0x4  Data  Gb  PIcontrol.o [1]
ReadByte                0x08000593   0x6c  Code  Gb  periphery.o [1]
Region$$Table$$Base     0x080018dc          --   Gb  - Linker created -
Region$$Table$$Limit    0x08001900          --   Gb  - Linker created -
SelfTest                0x08000c1b  0x146  Code  Gb  workflow.o [1]
SetPower                0x08000bbd   0x5e  Code  Gb  workflow.o [1]
SetSysClock             0x080016c7   0x76  Code  Lc  system_stm32f0xx.o [1]
ShowLED_Regulate        0x08000efb  0x134  Code  Gb  workflow.o [1]
StartConvertion         0x0800064d   0x40  Code  Gb  periphery.o [1]
StartCounter            0x20000464    0x4  Data  Gb  PIcontrol.o [1]
SystemInit              0x08001659   0x6e  Code  Gb  system_stm32f0xx.o [1]
TIM14_IRQHandler        0x080012f1   0x8e  Code  Gb  interrupts.o [1]
TIM14_TimeBaseInitStruct
                        0x20000414    0xc  Data  Gb  periphery.o [1]
TIM16_IRQHandler        0x0800137f   0x76  Code  Gb  interrupts.o [1]
TIM16_TimeBaseInitStruct
                        0x20000420    0xc  Data  Gb  periphery.o [1]
TIM17_IRQHandler        0x080013f5   0x42  Code  Gb  interrupts.o [1]
TIM17_TimeBaseInitStruct
                        0x2000042c    0xc  Data  Gb  periphery.o [1]
TIM3_TimeBaseInitStruct
                        0x20000438    0xc  Data  Gb  periphery.o [1]
TIM_ClearFlag           0x08000acf    0x8  Code  Gb  stm32f0xx_tim.o [1]
TIM_Cmd                 0x08000a59   0x1c  Code  Gb  stm32f0xx_tim.o [1]
TIM_DeInit              0x08000919   0xda  Code  Gb  stm32f0xx_tim.o [1]
TIM_GetFlagStatus       0x08000ab5   0x1a  Code  Gb  stm32f0xx_tim.o [1]
TIM_ITConfig            0x08000a9d   0x18  Code  Gb  stm32f0xx_tim.o [1]
TIM_TimeBaseInit        0x080009f3   0x66  Code  Gb  stm32f0xx_tim.o [1]
TempSetpoint            0x20000004    0x1  Data  Gb  PIcontrol.o [1]
Timers_Init             0x08000211  0x11c  Code  Gb  periphery.o [1]
UpdatePower             0x08001519   0x70  Code  Gb  PIcontrol.o [1]
WriteByte               0x08000525   0x6e  Code  Gb  periphery.o [1]
__ICFEDIT_region_RAM_end__ {Abs}
                        0x20000fff          --   Gb  command line/config [2]
__ICFEDIT_region_RAM_start__ {Abs}
                        0x20000000          --   Gb  command line/config [2]
__aeabi_cfcmple         0x08001035         Code  Gb  FltCmpLe.o [4]
__aeabi_cfrcmple        0x0800105d         Code  Gb  FltCmpGe.o [4]
__aeabi_f2iz            0x080012b5         Code  Gb  FltToS32.o [4]
__aeabi_f2uiz           0x08001135         Code  Gb  FltToU32.o [4]
__aeabi_fadd            0x0800115b         Code  Gb  FltAddSub.o [4]
__aeabi_fdiv            0x080015ad         Code  Gb  FltDiv.o [4]
__aeabi_fmul            0x08001085         Code  Gb  FltMul.o [4]
__aeabi_fsub            0x080011cb         Code  Gb  FltAddSub.o [4]
__aeabi_i2f             0x0800127d         Code  Gb  I32ToFlt.o [4]
__aeabi_ui2f            0x08001295         Code  Gb  I32ToFlt.o [4]
__cmain                 0x08001901         Code  Gb  cmain.o [5]
__exit                  0x08001935   0x14  Code  Gb  exit.o [6]
__iar_copy_init3        0x08001885   0x30  Code  Gb  copy_init3.o [5]
__iar_data_init3        0x080018b5   0x28  Code  Gb  data_init.o [5]
__iar_program_start     0x08001959         Code  Gb  cstartup_M.o [5]
__iar_ui2f              0x08001299         Code  Gb  I32ToFlt.o [4]
__iar_zero_init3        0x08001849   0x3c  Code  Gb  zero_init3.o [5]
__low_level_init        0x0800191b    0x4  Code  Gb  low_level_init.o [3]
__vector_table          0x08000000         Data  Gb  startup_stm32f0xx.o [1]
_call_main              0x0800190d         Code  Gb  cmain.o [5]
_exit                   0x08001929         Code  Gb  cexit.o [5]
_main                   0x08001917         Code  Gb  cmain.o [5]
eTemp                   0x2000045c    0x4  Data  Gb  PIcontrol.o [1]
exit                    0x0800191f    0x8  Code  Gb  exit.o [3]
main                    0x0800176d   0xdc  Code  Gb  main.o [1]
readADC1                0x080003b5   0x38  Code  Gb  periphery.o [1]
wire_buffer             0x20000408    0xc  Data  Gb  periphery.o [1]


[1] = D:\Alex\Projects\Active\Humidifier\FIRMWARE\work\Debug\Obj
[2] = command line
[3] = dl6M_tln.a
[4] = m6M_tl.a
[5] = rt6M_tl.a
[6] = shb_l.a

  6 508 bytes of readonly  code memory
     44 bytes of readonly  data memory
  1 140 bytes of readwrite data memory

Errors: none
Warnings: none
