###############################################################################
#
# IAR ELF Linker V7.50.2.10312/W32 for ARM                10/Mar/2019  13:53:43
# Copyright 2007-2015 IAR Systems AB.
#
#    Output file  =  
#        D:\Alex\Projects\Active\Humidifier\FIRMWARE\work\Debug\Exe\c.out
#    Map file     =  
#        D:\Alex\Projects\Active\Humidifier\FIRMWARE\work\Debug\List\c.map
#    Command line =  
#        D:\Alex\Projects\Active\Humidifier\FIRMWARE\work\Debug\Obj\flash.o
#        D:\Alex\Projects\Active\Humidifier\FIRMWARE\work\Debug\Obj\interrupts.o
#        D:\Alex\Projects\Active\Humidifier\FIRMWARE\work\Debug\Obj\main.o
#        D:\Alex\Projects\Active\Humidifier\FIRMWARE\work\Debug\Obj\periphery.o
#        D:\Alex\Projects\Active\Humidifier\FIRMWARE\work\Debug\Obj\PIcontrol.o
#        D:\Alex\Projects\Active\Humidifier\FIRMWARE\work\Debug\Obj\startup_stm32f0xx.o
#        D:\Alex\Projects\Active\Humidifier\FIRMWARE\work\Debug\Obj\stm32f0xx_adc.o
#        D:\Alex\Projects\Active\Humidifier\FIRMWARE\work\Debug\Obj\stm32f0xx_cec.o
#        D:\Alex\Projects\Active\Humidifier\FIRMWARE\work\Debug\Obj\stm32f0xx_comp.o
#        D:\Alex\Projects\Active\Humidifier\FIRMWARE\work\Debug\Obj\stm32f0xx_crc.o
#        D:\Alex\Projects\Active\Humidifier\FIRMWARE\work\Debug\Obj\stm32f0xx_dac.o
#        D:\Alex\Projects\Active\Humidifier\FIRMWARE\work\Debug\Obj\stm32f0xx_dbgmcu.o
#        D:\Alex\Projects\Active\Humidifier\FIRMWARE\work\Debug\Obj\stm32f0xx_dma.o
#        D:\Alex\Projects\Active\Humidifier\FIRMWARE\work\Debug\Obj\stm32f0xx_exti.o
#        D:\Alex\Projects\Active\Humidifier\FIRMWARE\work\Debug\Obj\stm32f0xx_flash.o
#        D:\Alex\Projects\Active\Humidifier\FIRMWARE\work\Debug\Obj\stm32f0xx_gpio.o
#        D:\Alex\Projects\Active\Humidifier\FIRMWARE\work\Debug\Obj\stm32f0xx_i2c.o
#        D:\Alex\Projects\Active\Humidifier\FIRMWARE\work\Debug\Obj\stm32f0xx_iwdg.o
#        D:\Alex\Projects\Active\Humidifier\FIRMWARE\work\Debug\Obj\stm32f0xx_misc.o
#        D:\Alex\Projects\Active\Humidifier\FIRMWARE\work\Debug\Obj\stm32f0xx_pwr.o
#        D:\Alex\Projects\Active\Humidifier\FIRMWARE\work\Debug\Obj\stm32f0xx_rcc.o
#        D:\Alex\Projects\Active\Humidifier\FIRMWARE\work\Debug\Obj\stm32f0xx_rtc.o
#        D:\Alex\Projects\Active\Humidifier\FIRMWARE\work\Debug\Obj\stm32f0xx_spi.o
#        D:\Alex\Projects\Active\Humidifier\FIRMWARE\work\Debug\Obj\stm32f0xx_syscfg.o
#        D:\Alex\Projects\Active\Humidifier\FIRMWARE\work\Debug\Obj\stm32f0xx_tim.o
#        D:\Alex\Projects\Active\Humidifier\FIRMWARE\work\Debug\Obj\stm32f0xx_usart.o
#        D:\Alex\Projects\Active\Humidifier\FIRMWARE\work\Debug\Obj\stm32f0xx_wwdg.o
#        D:\Alex\Projects\Active\Humidifier\FIRMWARE\work\Debug\Obj\system_stm32f0xx.o
#        D:\Alex\Projects\Active\Humidifier\FIRMWARE\work\Debug\Obj\workflow.o
#        -o D:\Alex\Projects\Active\Humidifier\FIRMWARE\work\Debug\Exe\c.out
#        --redirect _Printf=_PrintfFull --redirect _Scanf=_ScanfFull --map
#        D:\Alex\Projects\Active\Humidifier\FIRMWARE\work\Debug\List\c.map
#        --config "C:\Program Files (x86)\IAR Systems\Embedded Workbench
#        7.3\arm\config\linker\ST\stm32f030x6.icf" --semihosting --entry
#        __iar_program_start --vfe
#
###############################################################################

*******************************************************************************
*** RUNTIME MODEL ATTRIBUTES
***

CppFlavor       = *
__SystemLibrary = DLib


*******************************************************************************
*** PLACEMENT SUMMARY
***

"A1":  place at 0x08000000 { ro section .intvec };
"P1":  place in [from 0x08000000 to 0x08007fff] { ro };
"P2":  place in [from 0x20000000 to 0x20000fff] { rw, block CSTACK, block HEAP };

  Section          Kind        Address    Size  Object
  -------          ----        -------    ----  ------
"A1":                                     0xc0
  .intvec          ro code  0x08000000    0xc0  startup_stm32f0xx.o [1]
                          - 0x080000c0    0xc0

"P1":                                   0x2410
  .text            ro code  0x080000c0   0x8a8  workflow.o [1]
  .text            ro code  0x08000968   0x63c  periphery.o [1]
  .text            ro code  0x08000fa4    0x36  I32ToFlt.o [4]
  .text            ro code  0x08000fda    0xb0  FltMul.o [4]
  .text            ro code  0x0800108a   0x120  FltAddSub.o [4]
  .text            ro code  0x080011aa     0x2  startup_stm32f0xx.o [1]
  .text            ro code  0x080011ac    0x26  FltCmpLe.o [4]
  .text            ro code  0x080011d2     0x2  startup_stm32f0xx.o [1]
  .text            ro code  0x080011d4    0x28  FltCmpGe.o [4]
  .text            ro code  0x080011fc    0x26  FltToU32.o [4]
  .text            ro code  0x08001222     0x2  startup_stm32f0xx.o [1]
  .text            ro code  0x08001224    0x32  FltToDbl.o [4]
  .text            ro code  0x08001256   0x1a8  DblAddSub.o [4]
  .text            ro code  0x080013fe     0x2  startup_stm32f0xx.o [1]
  .text            ro code  0x08001400    0x4e  DblToI32.o [4]
  .text            ro code  0x0800144e     0x2  startup_stm32f0xx.o [1]
  .text            ro code  0x08001450    0xe6  stm32f0xx_gpio.o [1]
  .text            ro code  0x08001536     0x2  startup_stm32f0xx.o [1]
  .text            ro code  0x08001538   0x1be  stm32f0xx_tim.o [1]
  .text            ro code  0x080016f6    0xe0  I32DivModFast.o [5]
  .text            ro code  0x080017d6     0x2  startup_stm32f0xx.o [1]
  .text            ro code  0x080017d8    0x3a  FltToS32.o [4]
  .text            ro code  0x08001812     0x2  startup_stm32f0xx.o [1]
  .text            ro code  0x08001814   0x1bc  flash.o [1]
  .text            ro code  0x080019d0    0xf8  stm32f0xx_rcc.o [1]
  .text            ro code  0x08001ac8    0xe4  stm32f0xx_adc.o [1]
  .text            ro code  0x08001bac     0x2  IntDivZer.o [5]
  .text            ro code  0x08001bae     0x2  startup_stm32f0xx.o [1]
  .text            ro code  0x08001bb0   0x156  stm32f0xx_flash.o [1]
  .text            ro code  0x08001d06     0x2  startup_stm32f0xx.o [1]
  .text            ro code  0x08001d08   0x264  interrupts.o [1]
  .text            ro code  0x08001f6c   0x258  main.o [1]
  .text            ro code  0x080021c4    0x50  PIcontrol.o [1]
  .text            ro code  0x08002214    0xaa  FltDiv.o [4]
  .text            ro code  0x080022be     0x2  startup_stm32f0xx.o [1]
  .text            ro code  0x080022c0   0x114  system_stm32f0xx.o [1]
  .text            ro code  0x080023d4    0x3c  zero_init3.o [5]
  .text            ro code  0x08002410    0x28  data_init.o [5]
  .iar.init_table  const    0x08002438    0x10  - Linker created -
  .text            ro code  0x08002448    0x1a  cmain.o [5]
  .text            ro code  0x08002462     0x4  low_level_init.o [3]
  .text            ro code  0x08002466     0x8  exit.o [3]
  .text            ro code  0x0800246e     0x2  startup_stm32f0xx.o [1]
  .text            ro code  0x08002470     0xa  cexit.o [5]
  .text            ro code  0x0800247a     0x2  startup_stm32f0xx.o [1]
  .text            ro code  0x0800247c    0x14  exit.o [6]
  .text            ro code  0x08002490    0x10  startup_stm32f0xx.o [1]
  .text            ro code  0x080024a0     0xc  cstartup_M.o [5]
  .text            ro code  0x080024ac     0x2  startup_stm32f0xx.o [1]
  .text            ro code  0x080024ae     0x2  startup_stm32f0xx.o [1]
  .text            ro code  0x080024b0     0x2  startup_stm32f0xx.o [1]
  .text            ro code  0x080024b2     0x2  startup_stm32f0xx.o [1]
  .text            ro code  0x080024b4     0x2  startup_stm32f0xx.o [1]
  .text            ro code  0x080024b6     0x2  startup_stm32f0xx.o [1]
  .text            ro code  0x080024b8     0x2  startup_stm32f0xx.o [1]
  .text            ro code  0x080024ba     0x2  startup_stm32f0xx.o [1]
  .text            ro code  0x080024bc     0x2  startup_stm32f0xx.o [1]
  .text            ro code  0x080024be     0x2  startup_stm32f0xx.o [1]
  .text            ro code  0x080024c0     0x2  startup_stm32f0xx.o [1]
  .text            ro code  0x080024c2     0x2  startup_stm32f0xx.o [1]
  .text            ro code  0x080024c4     0x2  startup_stm32f0xx.o [1]
  .text            ro code  0x080024c6     0x2  startup_stm32f0xx.o [1]
  .text            ro code  0x080024c8     0x2  startup_stm32f0xx.o [1]
  .text            ro code  0x080024ca     0x2  startup_stm32f0xx.o [1]
  .text            ro code  0x080024cc     0x2  startup_stm32f0xx.o [1]
  .text            ro code  0x080024ce     0x2  startup_stm32f0xx.o [1]
  .rodata          const    0x080024d0     0x0  zero_init3.o [5]
                          - 0x080024d0  0x2410

"P2", part 1 of 2:                        0x90
  .bss             zero     0x20000000    0x14  main.o [1]
  .bss             zero     0x20000014     0xc  main.o [1]
  .bss             zero     0x20000020     0xc  main.o [1]
  .bss             zero     0x2000002c     0xc  main.o [1]
  .bss             zero     0x20000038     0xc  periphery.o [1]
  .bss             zero     0x20000044     0xc  periphery.o [1]
  .bss             zero     0x20000050     0xc  periphery.o [1]
  .bss             zero     0x2000005c     0xc  periphery.o [1]
  .bss             zero     0x20000068     0xc  periphery.o [1]
  .bss             zero     0x20000074     0x8  main.o [1]
  .bss             zero     0x2000007c     0x8  periphery.o [1]
  .bss             zero     0x20000084     0x4  main.o [1]
  .bss             zero     0x20000088     0x2  main.o [1]
  .bss             zero     0x2000008a     0x1  interrupts.o [1]
  .bss             zero     0x2000008b     0x1  main.o [1]
  .bss             zero     0x2000008c     0x1  main.o [1]
  .bss             zero     0x2000008d     0x1  workflow.o [1]
                          - 0x2000008e    0x8e

"P2", part 2 of 2:                       0x400
  CSTACK                    0x20000090   0x400  <Block>
    CSTACK         uninit   0x20000090   0x400  <Block tail>
                          - 0x20000490   0x400


*******************************************************************************
*** INIT TABLE
***

          Address     Size
          -------     ----
Zero (__iar_zero_init3)
    1 destination range, total size 0x8e:
          0x20000000  0x8e



*******************************************************************************
*** MODULE SUMMARY
***

    Module               ro code  ro data  rw data
    ------               -------  -------  -------
D:\Alex\Projects\Active\Humidifier\FIRMWARE\work\Debug\Obj: [1]
    PIcontrol.o               80
    flash.o                  444
    interrupts.o             612                 1
    main.o                   600                72
    periphery.o            1 596                68
    startup_stm32f0xx.o      270
    stm32f0xx_adc.o          228
    stm32f0xx_flash.o        342
    stm32f0xx_gpio.o         230
    stm32f0xx_rcc.o          248
    stm32f0xx_tim.o          446
    system_stm32f0xx.o       276
    workflow.o             2 216                 1
    ----------------------------------------------
    Total:                 7 588               142

command line: [2]
    ----------------------------------------------
    Total:

dl6M_tln.a: [3]
    exit.o                     8
    low_level_init.o           4
    ----------------------------------------------
    Total:                    12

m6M_tl.a: [4]
    DblAddSub.o              424
    DblToI32.o                78
    FltAddSub.o              288
    FltCmpGe.o                40
    FltCmpLe.o                38
    FltDiv.o                 170
    FltMul.o                 176
    FltToDbl.o                50
    FltToS32.o                58
    FltToU32.o                38
    I32ToFlt.o                54
    ----------------------------------------------
    Total:                 1 414

rt6M_tl.a: [5]
    I32DivModFast.o          224
    IntDivZer.o                2
    cexit.o                   10
    cmain.o                   26
    cstartup_M.o              12
    data_init.o               40
    zero_init3.o              60
    ----------------------------------------------
    Total:                   374

shb_l.a: [6]
    exit.o                    20
    ----------------------------------------------
    Total:                    20

    Linker created                     16    1 024
--------------------------------------------------
    Grand Total:           9 408       16    1 166


*******************************************************************************
*** ENTRY LIST
***

Entry                      Address   Size  Type      Object
-----                      -------   ----  ----      ------
.iar.init_table$$Base   0x08002438          --   Gb  - Linker created -
.iar.init_table$$Limit  0x08002448          --   Gb  - Linker created -
?main                   0x08002449         Code  Gb  cmain.o [5]
ADC_ChannelConfig       0x08001b15   0x16  Code  Gb  stm32f0xx_adc.o [1]
ADC_Cmd                 0x08001af9   0x1c  Code  Gb  stm32f0xx_adc.o [1]
ADC_GetCalibrationFactor
                        0x08001b2b   0x3e  Code  Gb  stm32f0xx_adc.o [1]
ADC_GetConversionValue  0x08001b73    0x6  Code  Gb  stm32f0xx_adc.o [1]
ADC_GetFlagStatus       0x08001b79   0x2c  Code  Gb  stm32f0xx_adc.o [1]
ADC_Init                0x08001ac9   0x30  Code  Gb  stm32f0xx_adc.o [1]
ADC_StartOfConversion   0x08001b69    0xa  Code  Gb  stm32f0xx_adc.o [1]
Analog_Init             0x08000bd5   0x88  Code  Gb  periphery.o [1]
Button                  0x2000002c    0xc  Data  Gb  main.o [1]
ButtonClearError        0x08000621   0x5a  Code  Gb  workflow.o [1]
ButtonProcess           0x0800038d  0x290  Code  Gb  workflow.o [1]
CSTACK$$Base            0x20000090          --   Gb  - Linker created -
CSTACK$$Limit           0x20000490          --   Gb  - Linker created -
CalcPower               0x080021c5   0x50  Code  Gb  PIcontrol.o [1]
CheckErrors             0x08000695  0x136  Code  Gb  workflow.o [1]
CheckStorage            0x08001875   0x58  Code  Gb  flash.o [1]
ClearFlash              0x0800182d   0x12  Code  Gb  flash.o [1]
DefaultStorage          0x080018cd   0x18  Code  Gb  flash.o [1]
Delay_us                0x08000e9f   0x2a  Code  Gb  periphery.o [1]
ExecuteTemp             0x080001ab   0x2a  Code  Gb  workflow.o [1]
ExtractFromStorage      0x080018e5   0x44  Code  Gb  flash.o [1]
FLASH_ErasePage         0x08001bd7   0x4e  Code  Gb  stm32f0xx_flash.o [1]
FLASH_GetFlagStatus     0x08001c7d   0x1e  Code  Gb  stm32f0xx_flash.o [1]
FLASH_GetStatus         0x08001c9b   0x36  Code  Gb  stm32f0xx_flash.o [1]
FLASH_Lock              0x08001bc9    0xe  Code  Gb  stm32f0xx_flash.o [1]
FLASH_ProgramHalfWord   0x08001c25   0x42  Code  Gb  stm32f0xx_flash.o [1]
FLASH_STORAGE           0x20000088    0x2  Data  Gb  main.o [1]
FLASH_Unlock            0x08001bb1   0x18  Code  Gb  stm32f0xx_flash.o [1]
FLASH_WaitForLastOperation
                        0x08001cd9   0x2e  Code  Gb  stm32f0xx_flash.o [1]
Flags                   0x20000014    0xc  Data  Gb  main.o [1]
GPIO_1wire_InitStruct   0x2000007c    0x8  Data  Gb  periphery.o [1]
GPIO_Init               0x08001451   0xbe  Code  Gb  stm32f0xx_gpio.o [1]
GPIO_ReadInputDataBit   0x0800150f   0x1e  Code  Gb  stm32f0xx_gpio.o [1]
GPIO_ResetBits          0x08001533    0x4  Code  Gb  stm32f0xx_gpio.o [1]
GPIO_SetBits            0x0800152d    0x6  Code  Gb  stm32f0xx_gpio.o [1]
GetRawTemperature       0x08000f19   0x6e  Code  Gb  periphery.o [1]
GetVoltages             0x0800094b   0x1e  Code  Gb  workflow.o [1]
IO_Init                 0x08000977  0x142  Code  Gb  periphery.o [1]
InitButton              0x08000169   0x42  Code  Gb  workflow.o [1]
InitFlags               0x080000d5   0x6e  Code  Gb  workflow.o [1]
InitTemp                0x08000143   0x18  Code  Gb  workflow.o [1]
InitTimers              0x0800015b    0xe  Code  Gb  workflow.o [1]
IsFlashClear            0x08001815   0x18  Code  Gb  flash.o [1]
LED_BarOff              0x08000931   0x1a  Code  Gb  workflow.o [1]
LED_Control             0x080007dd  0x112  Code  Gb  workflow.o [1]
LED_One                 0x08000901   0x30  Code  Gb  workflow.o [1]
MakeAllRight            0x08001973   0x5e  Code  Gb  flash.o [1]
MasterResetPresence     0x08000cf9   0xa2  Code  Gb  periphery.o [1]
NVIC_EnableIRQ          0x08000969    0xe  Code  Lc  periphery.o [1]
NVIC_SystemReset        0x080000c1   0x14  Code  Lc  workflow.o [1]
OneWireInput            0x08000c95   0x2e  Code  Gb  periphery.o [1]
OneWireOutput           0x08000cc3   0x2e  Code  Gb  periphery.o [1]
PackToStorage           0x08001929   0x4a  Code  Gb  flash.o [1]
Power                   0x20000020    0xc  Data  Gb  main.o [1]
RCC_ADCCLKConfig        0x080019d1   0x32  Code  Gb  stm32f0xx_rcc.o [1]
RCC_AHBPeriphClockCmd   0x08001a09   0x20  Code  Gb  stm32f0xx_rcc.o [1]
RCC_APB1PeriphClockCmd  0x08001a49   0x20  Code  Gb  stm32f0xx_rcc.o [1]
RCC_APB1PeriphResetCmd  0x08001a95   0x20  Code  Gb  stm32f0xx_rcc.o [1]
RCC_APB2PeriphClockCmd  0x08001a29   0x20  Code  Gb  stm32f0xx_rcc.o [1]
RCC_APB2PeriphResetCmd  0x08001a75   0x20  Code  Gb  stm32f0xx_rcc.o [1]
RGB_Control             0x080002c1   0x72  Code  Gb  workflow.o [1]
RGB_OFF                 0x2000008c    0x1  Data  Gb  main.o [1]
RGB_STATE               0x2000008b    0x1  Data  Gb  main.o [1]
ReadByte                0x08000e33   0x6c  Code  Gb  periphery.o [1]
ReadSettings            0x0800183f    0x8  Code  Gb  flash.o [1]
Region$$Table$$Base     0x08002438          --   Gb  - Linker created -
Region$$Table$$Limit    0x08002448          --   Gb  - Linker created -
SetPower                0x080001d5   0x3a  Code  Gb  workflow.o [1]
SetSysClock             0x0800232f   0x76  Code  Lc  system_stm32f0xx.o [1]
ShowLED_Bar             0x08000225   0x38  Code  Gb  workflow.o [1]
ShowTempLED_Bar         0x0800025d   0x64  Code  Gb  workflow.o [1]
StartConvertion         0x08000ed1   0x40  Code  Gb  periphery.o [1]
StoreSettings           0x08001847   0x26  Code  Gb  flash.o [1]
SystemInit              0x080022c1   0x6e  Code  Gb  system_stm32f0xx.o [1]
TIM14_IRQHandler        0x08001d09  0x12e  Code  Gb  interrupts.o [1]
TIM14_TimeBaseInitStruct
                        0x20000044    0xc  Data  Gb  periphery.o [1]
TIM16_IRQHandler        0x08001e37   0x9c  Code  Gb  interrupts.o [1]
TIM16_TimeBaseInitStruct
                        0x20000050    0xc  Data  Gb  periphery.o [1]
TIM17_IRQHandler        0x08001ed3   0x6e  Code  Gb  interrupts.o [1]
TIM17_TimeBaseInitStruct
                        0x2000005c    0xc  Data  Gb  periphery.o [1]
TIM3_TimeBaseInitStruct
                        0x20000068    0xc  Data  Gb  periphery.o [1]
TIM_ClearFlag           0x080016ef    0x8  Code  Gb  stm32f0xx_tim.o [1]
TIM_Cmd                 0x08001679   0x1c  Code  Gb  stm32f0xx_tim.o [1]
TIM_DeInit              0x08001539   0xda  Code  Gb  stm32f0xx_tim.o [1]
TIM_GetFlagStatus       0x080016d5   0x1a  Code  Gb  stm32f0xx_tim.o [1]
TIM_ITConfig            0x080016bd   0x18  Code  Gb  stm32f0xx_tim.o [1]
TIM_TimeBaseInit        0x08001613   0x66  Code  Gb  stm32f0xx_tim.o [1]
Temp                    0x20000000   0x14  Data  Gb  main.o [1]
TemperatureToRGB        0x08000333   0x3c  Code  Gb  workflow.o [1]
Timers                  0x20000084    0x4  Data  Gb  main.o [1]
Timers_Init             0x08000ab9  0x11c  Code  Gb  periphery.o [1]
Voltages                0x20000074    0x8  Data  Gb  main.o [1]
WaitUntil               0x08000689    0xc  Code  Gb  workflow.o [1]
WriteByte               0x08000dc5   0x6e  Code  Gb  periphery.o [1]
ZeroSetPower            0x0800020f   0x16  Code  Gb  workflow.o [1]
__ICFEDIT_region_RAM_end__ {Abs}
                        0x20000fff          --   Gb  command line/config [2]
__ICFEDIT_region_RAM_start__ {Abs}
                        0x20000000          --   Gb  command line/config [2]
__aeabi_cfcmple         0x080011ad         Code  Gb  FltCmpLe.o [4]
__aeabi_cfrcmple        0x080011d5         Code  Gb  FltCmpGe.o [4]
__aeabi_d2iz            0x08001401         Code  Gb  DblToI32.o [4]
__aeabi_dadd            0x08001257         Code  Gb  DblAddSub.o [4]
__aeabi_f2d             0x08001225         Code  Gb  FltToDbl.o [4]
__aeabi_f2iz            0x080017d9         Code  Gb  FltToS32.o [4]
__aeabi_f2uiz           0x080011fd         Code  Gb  FltToU32.o [4]
__aeabi_fadd            0x0800108b         Code  Gb  FltAddSub.o [4]
__aeabi_fdiv            0x08002215         Code  Gb  FltDiv.o [4]
__aeabi_fmul            0x08000fdb         Code  Gb  FltMul.o [4]
__aeabi_fsub            0x080010fb         Code  Gb  FltAddSub.o [4]
__aeabi_i2f             0x08000fa5         Code  Gb  I32ToFlt.o [4]
__aeabi_idiv            0x08001723         Code  Gb  I32DivModFast.o [5]
__aeabi_idiv0           0x08001bad         Code  Gb  IntDivZer.o [5]
__aeabi_idivmod         0x08001723         Code  Gb  I32DivModFast.o [5]
__aeabi_ui2f            0x08000fbd         Code  Gb  I32ToFlt.o [4]
__aeabi_uidiv           0x08001729         Code  Gb  I32DivModFast.o [5]
__aeabi_uidivmod        0x08001729         Code  Gb  I32DivModFast.o [5]
__cmain                 0x08002449         Code  Gb  cmain.o [5]
__exit                  0x0800247d   0x14  Code  Gb  exit.o [6]
__iar_d2uiz             0x08001425         Code  Gb  DblToI32.o [4]
__iar_data_init3        0x08002411   0x28  Code  Gb  data_init.o [5]
__iar_program_start     0x080024a1         Code  Gb  cstartup_M.o [5]
__iar_ui2f              0x08000fc1         Code  Gb  I32ToFlt.o [4]
__iar_zero_init3        0x080023d5   0x3c  Code  Gb  zero_init3.o [5]
__low_level_init        0x08002463    0x4  Code  Gb  low_level_init.o [3]
__vector_table          0x08000000         Data  Gb  startup_stm32f0xx.o [1]
_call_main              0x08002455         Code  Gb  cmain.o [5]
_exit                   0x08002471         Code  Gb  cexit.o [5]
_main                   0x0800245f         Code  Gb  cmain.o [5]
exit                    0x08002467    0x8  Code  Gb  exit.o [3]
main                    0x08001f6d  0x258  Code  Gb  main.o [1]
readADC1                0x08000c5d   0x38  Code  Gb  periphery.o [1]
wire_buffer             0x20000038    0xc  Data  Gb  periphery.o [1]


[1] = D:\Alex\Projects\Active\Humidifier\FIRMWARE\work\Debug\Obj
[2] = command line
[3] = dl6M_tln.a
[4] = m6M_tl.a
[5] = rt6M_tl.a
[6] = shb_l.a

  9 408 bytes of readonly  code memory
     16 bytes of readonly  data memory
  1 166 bytes of readwrite data memory

Errors: none
Warnings: none
